Archive member included because of file (symbol)

d:/imt_eclipse/imt_sdk_win_64/winavr/bin/../lib/gcc/avr/4.3.3/avr5\libgcc.a(_exit.o)
                              d:/imt_eclipse/imt_sdk_win_64/winavr/bin/../lib/gcc/avr/4.3.3/../../../../avr/lib/avr5/crtm32.o (exit)
d:/imt_eclipse/imt_sdk_win_64/winavr/bin/../lib/gcc/avr/4.3.3/avr5\libgcc.a(_clear_bss.o)
                              ./TR0_prg.o (__do_clear_bss)

Memory Configuration

Name             Origin             Length             Attributes
text             0x00000000         0x00020000         xr
data             0x00800060         0x0000ffa0         rw !x
eeprom           0x00810000         0x00010000         rw !x
fuse             0x00820000         0x00000400         rw !x
lock             0x00830000         0x00000400         rw !x
signature        0x00840000         0x00000400         rw !x
*default*        0x00000000         0xffffffff

Linker script and memory map

LOAD d:/imt_eclipse/imt_sdk_win_64/winavr/bin/../lib/gcc/avr/4.3.3/../../../../avr/lib/avr5/crtm32.o
LOAD ./BUZ_prg.o
LOAD ./DIO_prg.o
LOAD ./GIE_prg.o
LOAD ./LED_prg.o
LOAD ./TR0_prg.o
LOAD ./main.o
LOAD d:/imt_eclipse/imt_sdk_win_64/winavr/bin/../lib/gcc/avr/4.3.3/avr5\libgcc.a
LOAD d:/imt_eclipse/imt_sdk_win_64/winavr/bin/../lib/gcc/avr/4.3.3/../../../../avr/lib/avr5\libc.a
LOAD d:/imt_eclipse/imt_sdk_win_64/winavr/bin/../lib/gcc/avr/4.3.3/avr5\libgcc.a

.hash
 *(.hash)

.dynsym
 *(.dynsym)

.dynstr
 *(.dynstr)

.gnu.version
 *(.gnu.version)

.gnu.version_d
 *(.gnu.version_d)

.gnu.version_r
 *(.gnu.version_r)

.rel.init
 *(.rel.init)

.rela.init
 *(.rela.init)

.rel.text
 *(.rel.text)
 *(.rel.text.*)
 *(.rel.gnu.linkonce.t*)

.rela.text
 *(.rela.text)
 *(.rela.text.*)
 *(.rela.gnu.linkonce.t*)

.rel.fini
 *(.rel.fini)

.rela.fini
 *(.rela.fini)

.rel.rodata
 *(.rel.rodata)
 *(.rel.rodata.*)
 *(.rel.gnu.linkonce.r*)

.rela.rodata
 *(.rela.rodata)
 *(.rela.rodata.*)
 *(.rela.gnu.linkonce.r*)

.rel.data
 *(.rel.data)
 *(.rel.data.*)
 *(.rel.gnu.linkonce.d*)

.rela.data
 *(.rela.data)
 *(.rela.data.*)
 *(.rela.gnu.linkonce.d*)

.rel.ctors
 *(.rel.ctors)

.rela.ctors
 *(.rela.ctors)

.rel.dtors
 *(.rel.dtors)

.rela.dtors
 *(.rela.dtors)

.rel.got
 *(.rel.got)

.rela.got
 *(.rela.got)

.rel.bss
 *(.rel.bss)

.rela.bss
 *(.rela.bss)

.rel.plt
 *(.rel.plt)

.rela.plt
 *(.rela.plt)

.text           0x00000000      0x9d0
 *(.vectors)
 .vectors       0x00000000       0x54 d:/imt_eclipse/imt_sdk_win_64/winavr/bin/../lib/gcc/avr/4.3.3/../../../../avr/lib/avr5/crtm32.o
                0x00000000                __vectors
                0x00000000                __vector_default
 *(.vectors)
 *(.progmem.gcc*)
 *(.progmem*)
                0x00000054                . = ALIGN (0x2)
                0x00000054                __trampolines_start = .
 *(.trampolines)
 .trampolines   0x00000054        0x0 linker stubs
 *(.trampolines*)
                0x00000054                __trampolines_end = .
 *(.jumptables)
 *(.jumptables*)
 *(.lowtext)
 *(.lowtext*)
                0x00000054                __ctors_start = .
 *(.ctors)
                0x00000054                __ctors_end = .
                0x00000054                __dtors_start = .
 *(.dtors)
                0x00000054                __dtors_end = .
 SORT(*)(.ctors)
 SORT(*)(.dtors)
 *(.init0)
 .init0         0x00000054        0x0 d:/imt_eclipse/imt_sdk_win_64/winavr/bin/../lib/gcc/avr/4.3.3/../../../../avr/lib/avr5/crtm32.o
                0x00000054                __init
 *(.init0)
 *(.init1)
 *(.init1)
 *(.init2)
 .init2         0x00000054        0xc d:/imt_eclipse/imt_sdk_win_64/winavr/bin/../lib/gcc/avr/4.3.3/../../../../avr/lib/avr5/crtm32.o
 *(.init2)
 *(.init3)
 *(.init3)
 *(.init4)
 .init4         0x00000060       0x10 d:/imt_eclipse/imt_sdk_win_64/winavr/bin/../lib/gcc/avr/4.3.3/avr5\libgcc.a(_clear_bss.o)
                0x00000060                __do_clear_bss
 *(.init4)
 *(.init5)
 *(.init5)
 *(.init6)
 *(.init6)
 *(.init7)
 *(.init7)
 *(.init8)
 *(.init8)
 *(.init9)
 .init9         0x00000070        0x8 d:/imt_eclipse/imt_sdk_win_64/winavr/bin/../lib/gcc/avr/4.3.3/../../../../avr/lib/avr5/crtm32.o
 *(.init9)
 *(.text)
 .text          0x00000078        0x4 d:/imt_eclipse/imt_sdk_win_64/winavr/bin/../lib/gcc/avr/4.3.3/../../../../avr/lib/avr5/crtm32.o
                0x00000078                __vector_1
                0x00000078                __vector_12
                0x00000078                __bad_interrupt
                0x00000078                __vector_6
                0x00000078                __vector_3
                0x00000078                __vector_13
                0x00000078                __vector_17
                0x00000078                __vector_19
                0x00000078                __vector_7
                0x00000078                __vector_5
                0x00000078                __vector_4
                0x00000078                __vector_9
                0x00000078                __vector_2
                0x00000078                __vector_15
                0x00000078                __vector_8
                0x00000078                __vector_14
                0x00000078                __vector_10
                0x00000078                __vector_16
                0x00000078                __vector_18
                0x00000078                __vector_20
 .text          0x0000007c        0x0 ./BUZ_prg.o
 .text          0x0000007c        0x0 ./DIO_prg.o
 .text          0x0000007c        0x0 ./GIE_prg.o
 .text          0x0000007c        0x0 ./LED_prg.o
 .text          0x0000007c        0x0 ./TR0_prg.o
 .text          0x0000007c        0x0 ./main.o
 .text          0x0000007c        0x0 d:/imt_eclipse/imt_sdk_win_64/winavr/bin/../lib/gcc/avr/4.3.3/avr5\libgcc.a(_exit.o)
 .text          0x0000007c        0x0 d:/imt_eclipse/imt_sdk_win_64/winavr/bin/../lib/gcc/avr/4.3.3/avr5\libgcc.a(_clear_bss.o)
                0x0000007c                . = ALIGN (0x2)
 *(.text.*)
 .text.H_BUZ_vid_Init
                0x0000007c       0x22 ./BUZ_prg.o
                0x0000007c                H_BUZ_vid_Init
 .text.H_BUZ_vid_BuzTurnOn
                0x0000009e       0x22 ./BUZ_prg.o
                0x0000009e                H_BUZ_vid_BuzTurnOn
 .text.H_BUZ_vid_BuzTurnOff
                0x000000c0       0x22 ./BUZ_prg.o
                0x000000c0                H_BUZ_vid_BuzTurnOff
 .text.H_BUZ_vid_BuzTog
                0x000000e2       0x20 ./BUZ_prg.o
                0x000000e2                H_BUZ_vid_BuzTog
 .text.M_DIO_vid_WrtPinDir
                0x00000102      0x176 ./DIO_prg.o
                0x00000102                M_DIO_vid_WrtPinDir
 .text.M_DIO_vid_WrtPinVal
                0x00000278      0x176 ./DIO_prg.o
                0x00000278                M_DIO_vid_WrtPinVal
 .text.M_DIO_vid_TogPinVal
                0x000003ee       0xfa ./DIO_prg.o
                0x000003ee                M_DIO_vid_TogPinVal
 .text.M_DIO_u08_GetPinVal
                0x000004e8       0xf4 ./DIO_prg.o
                0x000004e8                M_DIO_u08_GetPinVal
 .text.M_DIO_vid_WrtPrtDir
                0x000005dc       0xec ./DIO_prg.o
                0x000005dc                M_DIO_vid_WrtPrtDir
 .text.M_DIO_vid_WrtPrtVal
                0x000006c8       0x82 ./DIO_prg.o
                0x000006c8                M_DIO_vid_WrtPrtVal
 .text.M_GIE_vid_EnableGI
                0x0000074a       0x1c ./GIE_prg.o
                0x0000074a                M_GIE_vid_EnableGI
 .text.M_GIE_vid_DisableGI
                0x00000766       0x1c ./GIE_prg.o
                0x00000766                M_GIE_vid_DisableGI
 .text.H_LED_vid_SingleLedInit
                0x00000782       0x22 ./LED_prg.o
                0x00000782                H_LED_vid_SingleLedInit
 .text.H_LED_vid_SingleLedTurnOn
                0x000007a4       0x22 ./LED_prg.o
                0x000007a4                H_LED_vid_SingleLedTurnOn
 .text.H_LED_vid_SingleLedTurnOff
                0x000007c6       0x22 ./LED_prg.o
                0x000007c6                H_LED_vid_SingleLedTurnOff
 .text.H_LED_vid_SingleLedTog
                0x000007e8       0x20 ./LED_prg.o
                0x000007e8                H_LED_vid_SingleLedTog
 .text.M_TR0_vid_Init
                0x00000808       0x4e ./TR0_prg.o
                0x00000808                M_TR0_vid_Init
 .text.M_TR0_vid_SendISRAddress
                0x00000856       0x24 ./TR0_prg.o
                0x00000856                M_TR0_vid_SendISRAddress
 .text.__vector_11
                0x0000087a       0x5a ./TR0_prg.o
                0x0000087a                __vector_11
 .text.main     0x000008d4       0x1a ./main.o
                0x000008d4                main
 .text.APP_ISR  0x000008ee       0xde ./main.o
                0x000008ee                APP_ISR
 .text.libgcc   0x000009cc        0x0 d:/imt_eclipse/imt_sdk_win_64/winavr/bin/../lib/gcc/avr/4.3.3/avr5\libgcc.a(_exit.o)
 .text.libgcc   0x000009cc        0x0 d:/imt_eclipse/imt_sdk_win_64/winavr/bin/../lib/gcc/avr/4.3.3/avr5\libgcc.a(_clear_bss.o)
                0x000009cc                . = ALIGN (0x2)
 *(.fini9)
 .fini9         0x000009cc        0x0 d:/imt_eclipse/imt_sdk_win_64/winavr/bin/../lib/gcc/avr/4.3.3/avr5\libgcc.a(_exit.o)
                0x000009cc                exit
                0x000009cc                _exit
 *(.fini9)
 *(.fini8)
 *(.fini8)
 *(.fini7)
 *(.fini7)
 *(.fini6)
 *(.fini6)
 *(.fini5)
 *(.fini5)
 *(.fini4)
 *(.fini4)
 *(.fini3)
 *(.fini3)
 *(.fini2)
 *(.fini2)
 *(.fini1)
 *(.fini1)
 *(.fini0)
 .fini0         0x000009cc        0x4 d:/imt_eclipse/imt_sdk_win_64/winavr/bin/../lib/gcc/avr/4.3.3/avr5\libgcc.a(_exit.o)
 *(.fini0)
                0x000009d0                _etext = .

.data           0x00800060        0x0 load address 0x000009d0
                0x00800060                PROVIDE (__data_start, .)
 *(.data)
 .data          0x00800060        0x0 d:/imt_eclipse/imt_sdk_win_64/winavr/bin/../lib/gcc/avr/4.3.3/../../../../avr/lib/avr5/crtm32.o
 .data          0x00800060        0x0 ./BUZ_prg.o
 .data          0x00800060        0x0 ./DIO_prg.o
 .data          0x00800060        0x0 ./GIE_prg.o
 .data          0x00800060        0x0 ./LED_prg.o
 .data          0x00800060        0x0 ./TR0_prg.o
 .data          0x00800060        0x0 ./main.o
 .data          0x00800060        0x0 d:/imt_eclipse/imt_sdk_win_64/winavr/bin/../lib/gcc/avr/4.3.3/avr5\libgcc.a(_exit.o)
 .data          0x00800060        0x0 d:/imt_eclipse/imt_sdk_win_64/winavr/bin/../lib/gcc/avr/4.3.3/avr5\libgcc.a(_clear_bss.o)
 *(.data*)
 *(.rodata)
 *(.rodata*)
 *(.gnu.linkonce.d*)
                0x00800060                . = ALIGN (0x2)
                0x00800060                _edata = .
                0x00800060                PROVIDE (__data_end, .)

.bss            0x00800060        0xa
                0x00800060                PROVIDE (__bss_start, .)
 *(.bss)
 .bss           0x00800060        0x0 d:/imt_eclipse/imt_sdk_win_64/winavr/bin/../lib/gcc/avr/4.3.3/../../../../avr/lib/avr5/crtm32.o
 .bss           0x00800060        0x0 ./BUZ_prg.o
 .bss           0x00800060        0x0 ./DIO_prg.o
 .bss           0x00800060        0x0 ./GIE_prg.o
 .bss           0x00800060        0x0 ./LED_prg.o
 .bss           0x00800060        0x0 ./TR0_prg.o
 .bss           0x00800060        0x0 ./main.o
 .bss           0x00800060        0x0 d:/imt_eclipse/imt_sdk_win_64/winavr/bin/../lib/gcc/avr/4.3.3/avr5\libgcc.a(_exit.o)
 .bss           0x00800060        0x0 d:/imt_eclipse/imt_sdk_win_64/winavr/bin/../lib/gcc/avr/4.3.3/avr5\libgcc.a(_clear_bss.o)
 *(.bss*)
 .bss.GlobalPtr_vid_ISRFuncAddress
                0x00800060        0x2 ./TR0_prg.o
                0x00800060                GlobalPtr_vid_ISRFuncAddress
 .bss.local_u08_counterBuz.1245
                0x00800062        0x4 ./main.o
 .bss.local_u08_counterLed.1244
                0x00800066        0x4 ./main.o
 *(COMMON)
                0x0080006a                PROVIDE (__bss_end, .)
                0x000009d0                __data_load_start = LOADADDR (.data)
                0x000009d0                __data_load_end = (__data_load_start + SIZEOF (.data))

.noinit         0x0080006a        0x0
                0x0080006a                PROVIDE (__noinit_start, .)
 *(.noinit*)
                0x0080006a                PROVIDE (__noinit_end, .)
                0x0080006a                _end = .
                0x0080006a                PROVIDE (__heap_start, .)

.eeprom         0x00810000        0x0
 *(.eeprom*)
                0x00810000                __eeprom_end = .

.fuse
 *(.fuse)
 *(.lfuse)
 *(.hfuse)
 *(.efuse)

.lock
 *(.lock*)

.signature
 *(.signature*)

.stab           0x00000000      0xdd4
 *(.stab)
 .stab          0x00000000      0x264 ./BUZ_prg.o
 .stab          0x00000264      0x450 ./DIO_prg.o
                                0x4b0 (size before relaxing)
 .stab          0x000006b4      0x144 ./GIE_prg.o
                                0x1a4 (size before relaxing)
 .stab          0x000007f8      0x204 ./LED_prg.o
                                0x264 (size before relaxing)
 .stab          0x000009fc      0x1bc ./TR0_prg.o
                                0x21c (size before relaxing)
 .stab          0x00000bb8      0x21c ./main.o
                                0x27c (size before relaxing)

.stabstr        0x00000000      0x60e
 *(.stabstr)
 .stabstr       0x00000000      0x60e ./BUZ_prg.o

.stab.excl
 *(.stab.excl)

.stab.exclstr
 *(.stab.exclstr)

.stab.index
 *(.stab.index)

.stab.indexstr
 *(.stab.indexstr)

.comment
 *(.comment)

.debug
 *(.debug)

.line
 *(.line)

.debug_srcinfo
 *(.debug_srcinfo)

.debug_sfnames
 *(.debug_sfnames)

.debug_aranges
 *(.debug_aranges)

.debug_pubnames
 *(.debug_pubnames)

.debug_info
 *(.debug_info)
 *(.gnu.linkonce.wi.*)

.debug_abbrev
 *(.debug_abbrev)

.debug_line
 *(.debug_line)

.debug_frame
 *(.debug_frame)

.debug_str
 *(.debug_str)

.debug_loc
 *(.debug_loc)

.debug_macinfo
 *(.debug_macinfo)
OUTPUT(24-10-2021_Lec9_LedBuzzerTimerInterrupt.elf elf32-avr)
LOAD linker stubs
